Microchip MPLAB XC8 Compiler V2.32

Linker command line:

-W-3 --edf=C:\Program Files\Microchip\xc8\v2.32\pic\dat\en_msgs.txt -cn \
  -h+dist/default/production\4Gas.X.production.sym \
  --cmf=dist/default/production\4Gas.X.production.cmf -z -Q18F26J50 \
  -oC:\Users\dekist\AppData\Local\Temp\xcAsn90.4 --defsym=__MPLAB_BUILD=1 \
  -Mdist/default/production/4Gas.X.production.map -E1 -ver=XC8 Compiler \
  --acfsm=1493 -ASTACK=06ECh-0EBFh -pstack=STACK \
  -p_FlashSignatureWord_const=2006h -ACODE=02000h-0FFF7h \
  -ACONST=02000h-0FFF7h -ASMALLCONST=02000h-020FFhx223,0FF00h-0FFF7h \
  -AMEDIUMCONST=02000h-0FFF7h -ACOMRAM=01h-05Fh -AABS1=00h-0EBFh \
  -ABIGRAM=01h-0EBFh -ARAM=060h-0FFh,0100h-01FFhx13,0E00h-0EBFh \
  -ABANK0=060h-0FFh -ABANK1=0100h-01FFh -ABANK2=0200h-02FFh \
  -ABANK3=0300h-03FFh -ABANK4=0400h-04FFh -ABANK5=0500h-05FFh \
  -ABANK6=0600h-06FFh -ABANK7=0700h-07FFh -ABANK8=0800h-08FFh \
  -ABANK9=0900h-09FFh -ABANK10=0A00h-0AFFh -ABANK11=0B00h-0BFFh \
  -ABANK12=0C00h-0CFFh -ABANK13=0D00h-0DFFh -ABANK14=0E00h-0EBFh \
  -ASFR=0EC0h-0EFFh,0F00h-0F5Fh,0F60h-0FFFh -ACONFIG=0FFF8h-0FFFFh \
  -preset_vec=02000h,intcode=02008h,intcodelo=02018h,powerup,init \
  -pramtop=0F00h -psmallconst=SMALLCONST -pmediumconst=MEDIUMCONST \
  -pconst=CONST -AFARRAM=00h-00h -pjflash_buffer=0F800h \
  -prdata=COMRAM,nvrram=COMRAM,nvbit=COMRAM,rbss=COMRAM,rbit=COMRAM \
  -pfarbss=FARRAM,fardata=FARRAM,nvFARRAM=FARRAM \
  -pintsave_regs=BIGRAM,bigbss=BIGRAM,bigdata=BIGRAM -pbss=RAM \
  -pidata=CODE,irdata=CODE,ibigdata=CODE,ifardata=CODE -prparam=COMRAM \
  C:\Users\dekist\AppData\Local\Temp\xcAsn90.o \
  dist/default/production\4Gas.X.production.o 

Object code version is 3.11

Machine type is 18F26J50



                Name                               Link     Load   Length Selector   Space Scale
C:\Users\dekist\AppData\Local\Temp\xcAsn90.o
                config                             FFF8     FFF8        8        0       4
                init                               2080     2080        4     100C       0
                reset_vec                          2000     2000        4     1000       0
dist/default/production\4Gas.X.production.o
                intcodelo                          2018     2018       68     100C       0
                intcode                            2008     2008        6     1004       0
                config                             FFF8     FFF8        8        0       4
                temp                                 51       51        1        1       1
                mediumconst                        2084     2084      300     1042       0
                intcode_body                       E2D8     E2D8       5C     11C2       0
                text198                            EF7A     EF7A       22     11C2       0
                text197                            F11C     F11C       18     11C2       0
                text196                            E77A     E77A       4E     11C2       0
                text194                            ECDE     ECDE       32     11C2       0
                text193                            E218     E218       62     11C2       0
                text192                            DCEA     DCEA       6C     11C2       0
                text191                            F17A     F17A        C     11C2       0
                text190                            EDF8     EDF8       2E     11C2       0
                text189                            EA8A     EA8A       3A     11C2       0
                text188                            F1AE     F1AE        6     11C2       0
                text187                            ECAC     ECAC       32     11C2       0
                text186                            E598     E598       54     11C2       0
                text185                            EBA4     EBA4       38     11C2       0
                text184                            F19A     F19A        8     11C2       0
                text183                            F190     F190        A     11C2       0
                text182                            E08E     E08E       64     11C2       0
                text181                            D8CE     D8CE       7A     11C2       0
                text180                            DB24     DB24       74     11C2       0
                text179                            EEA0     EEA0       26     11C2       0
                text178                            EBDC     EBDC       36     11C2       0
                text177                            DDC0     DDC0       6A     11C2       0
                text176                            CFD2     CFD2       A6     11C2       0
                text175                            C76C     C76C       BE     11C2       0
                text174                            8A24     8A24      236     11C2       0
                text173                            48B6     48B6      68A     11C2       0
                text172                            989C     989C      198     11C2       0
                text171                            F1A8     F1A8        6     11C2       0
                text170                            DF60     DF60       66     11C2       0
                text169                            EE7A     EE7A       26     11C2       0
                text168                            E496     E496       58     11C2       0
                text167                            D4A0     D4A0       90     11C2       0
                text166                            AD18     AD18      12C     11C2       0
                text165                            E85E     E85E       4A     11C2       0
                text164                            C5E6     C5E6       C4     11C2       0
                text163                            F078     F078       1E     11C2       0
                text162                            F0EA     F0EA       1A     11C2       0
                text161                            F05A     F05A       1E     11C2       0
                text160                            8C5A     8C5A      1E0     11C2       0
                text159                            BF76     BF76       DA     11C2       0
                text158                            F104     F104       18     11C2       0
                text157                            F0CE     F0CE       1C     11C2       0
                text156                            E43E     E43E       58     11C2       0
                text155                            CA54     CA54       B8     11C2       0
                text154                            F186     F186        A     11C2       0
                text153                            96F6     96F6      1A6     11C2       0
                text152                            F0B2     F0B2       1C     11C2       0
                text151                            D078     D078       A4     11C2       0
                text150                            D854     D854       7A     11C2       0
                text149                            D752     D752       82     11C2       0
                text148                            C99C     C99C       B8     11C2       0
                text147                            6796     6796      39C     11C2       0
                text146                            5F4E     5F4E      42C     11C2       0
                text145                            5A8C     5A8C      4C2     11C2       0
                text144                            E938     E938       48     11C2       0
                text143                            EB6C     EB6C       38     11C2       0
                text142                            E8F0     E8F0       48     11C2       0
                text141                            7B02     7B02      2D2     11C2       0
                text140                            B5C4     B5C4      106     11C2       0
                text139                            91EC     91EC      1B4     11C2       0
                text138                            C6AA     C6AA       C2     11C2       0
                text137                            D644     D644       88     11C2       0
                text136                            C45C     C45C       C6     11C2       0
                text135                            93A0     93A0      1AC     11C2       0
                text134                            F03C     F03C       1E     11C2       0
                text133                            B082     B082      114     11C2       0
                text132                            B196     B196      110     11C2       0
                text131                            BAD2     BAD2       F6     11C2       0
                text130                            A81A     A81A      144     11C2       0
                text129                            D9C0     D9C0       78     11C2       0
                text128                            CE7C     CE7C       AC     11C2       0
                text127                            E7C8     E7C8       4C     11C2       0
                text126                            AA9E     AA9E      13E     11C2       0
                text125                            E02A     E02A       64     11C2       0
                text124                            D948     D948       78     11C2       0
                text123                            BBC8     BBC8       EE     11C2       0
                text122                            F01C     F01C       20     11C2       0
                text121                            D11C     D11C       A0     11C2       0
                text120                            6B32     6B32      35A     11C2       0
                text119                            ABDC     ABDC      13C     11C2       0
                text118                            B4BE     B4BE      106     11C2       0
                text117                            EB34     EB34       38     11C2       0
                text116                            BE8C     BE8C       EA     11C2       0
                text115                            B9D2     B9D2      100     11C2       0
                text114                            CBC0     CBC0       B2     11C2       0
                text113                            A2F2     A2F2      152     11C2       0
                text112                            D2EA     D2EA       94     11C2       0
                text111                            E68E     E68E       50     11C2       0
                text110                            C82A     C82A       BA     11C2       0
                text109                            A19E     A19E      154     11C2       0
                text108                            EC46     EC46       34     11C2       0
                text107                            E1B6     E1B6       62     11C2       0
                text106                            ED10     ED10       30     11C2       0
                text105                            EA0C     EA0C       44     11C2       0
                text104                            807A     807A      278     11C2       0
                text103                            EF56     EF56       24     11C2       0
                text102                            9A34     9A34      190     11C2       0
                text101                            E72C     E72C       4E     11C2       0
                text100                            C8E4     C8E4       B8     11C2       0
                text99                             D254     D254       96     11C2       0
                text98                             D7D4     D7D4       80     11C2       0
                text97                             CF28     CF28       AA     11C2       0
                text96                             B7CE     B7CE      104     11C2       0
                text95                             D5BC     D5BC       88     11C2       0
                text94                             A444     A444      14C     11C2       0
                text93                             A048     A048      156     11C2       0
                text92                             7DD4     7DD4      2A6     11C2       0
                text91                             EC7A     EC7A       32     11C2       0
                text90                             C522     C522       C4     11C2       0
                text89                             CC72     CC72       B0     11C2       0
                text88                             637A     637A      41C     11C2       0
                text87                             3F7E     3F7E      938     11C2       0
                text86                             E63E     E63E       50     11C2       0
                text85                             B3B2     B3B2      10C     11C2       0
                text84                             BCB6     BCB6       EC     11C2       0
                text83                             9ED8     9ED8      170     11C2       0
                text82                             D410     D410       90     11C2       0
                text81                             DC7A     DC7A       70     11C2       0
                text80                             E6DE     E6DE       4E     11C2       0
                text79                             EE52     EE52       28     11C2       0
                text78                             EDCA     EDCA       2E     11C2       0
                text77                             2384     2384      F4C     11C2       0
                text76                             AF6A     AF6A      118     11C2       0
                text75                             CB0C     CB0C       B4     11C2       0
                text74                             E154     E154       62     11C2       0
                text73                             D530     D530       8C     11C2       0
                text72                             5574     5574      518     11C2       0
                text71                             D37E     D37E       92     11C2       0
                text70                             EFFC     EFFC       20     11C2       0
                text69                             F14A     F14A       16     11C2       0
                text68                             F160     F160        E     11C2       0
                text67                             F16E     F16E        C     11C2       0
                text66                             855E     855E      264     11C2       0
                text65                             A6D6     A6D6      144     11C2       0
                text64                             E814     E814       4A     11C2       0
                text63                             EE26     EE26       2C     11C2       0
                text62                             AE44     AE44      126     11C2       0
                text61                             32D0     32D0      CAE     11C2       0
                text60                             8E3A     8E3A      1DA     11C2       0
                text59                             EF32     EF32       24     11C2       0
                text58                             E3E6     E3E6       58     11C2       0
                text57                             DAAE     DAAE       76     11C2       0
                text56                             E38E     E38E       58     11C2       0
                text55                             9014     9014      1D8     11C2       0
                text54                             C1FA     C1FA       CE     11C2       0
                text53                             DA38     DA38       76     11C2       0
                text52                             E4EE     E4EE       56     11C2       0
                text51                             EF0E     EF0E       24     11C2       0
                text50                             EEEA     EEEA       24     11C2       0
                text49                             EA50     EA50       3A     11C2       0
                text48                             CDD0     CDD0       AC     11C2       0
                text47                             DC0A     DC0A       70     11C2       0
                text46                             E5EC     E5EC       52     11C2       0
                text45                             D1BC     D1BC       98     11C2       0
                text44                             D6CC     D6CC       86     11C2       0
                text43                             ED9C     ED9C       2E     11C2       0
                text42                             B2A6     B2A6      10C     11C2       0
                text41                             EAFC     EAFC       38     11C2       0
                text40                             DB98     DB98       72     11C2       0
                text39                             ED6E     ED6E       2E     11C2       0
                text38                             E334     E334       5A     11C2       0
                text37                             E544     E544       54     11C2       0
                text36                             DEFA     DEFA       66     11C2       0
                text35                             E9C6     E9C6       46     11C2       0
                text34                             C126     C126       D4     11C2       0
                text33                             EFDC     EFDC       20     11C2       0
                text32                             EFBC     EFBC       20     11C2       0
                text31                             EF9C     EF9C       20     11C2       0
                text30                             DFC6     DFC6       64     11C2       0
                text29                             EEC6     EEC6       24     11C2       0
                text28                             82F2     82F2      26C     11C2       0
                text27                             74FA     74FA      318     11C2       0
                text26                             B6CA     B6CA      104     11C2       0
                text25                             C392     C392       CA     11C2       0
                text24                             A590     A590      146     11C2       0
                text23                             A95E     A95E      140     11C2       0
                text22                             7812     7812      2F0     11C2       0
                text21                             954C     954C      1AA     11C2       0
                text20                             87C2     87C2      262     11C2       0
                text19                             4F40     4F40      634     11C2       0
                text18                             6E8C     6E8C      344     11C2       0
                text17                             E27A     E27A       5E     11C2       0
                text16                             DE92     DE92       68     11C2       0
                text15                             E8A8     E8A8       48     11C2       0
                text14                             F096     F096       1C     11C2       0
                text13                             DD56     DD56       6A     11C2       0
                text12                             EAC4     EAC4       38     11C2       0
                text11                             DE2A     DE2A       68     11C2       0
                text10                             ED40     ED40       2E     11C2       0
                text9                              B8D2     B8D2      100     11C2       0
                text8                              9BC4     9BC4      18E     11C2       0
                text7                              E0F2     E0F2       62     11C2       0
                text6                              F134     F134       16     11C2       0
                text5                              C2C8     C2C8       CA     11C2       0
                text4                              71D0     71D0      32A     11C2       0
                text3                              9D52     9D52      186     11C2       0
                text2                              C050     C050       D6     11C2       0
                text1                              BDA2     BDA2       EA     11C2       0
                text0                              E980     E980       46     11C2       0
                cstackCOMRAM                          1        1       40        1       1
                cstackBANK0                          60       60       98       60       1
                cstackBANK5                         5F2      5F2        C      500       1
                bssBANK6                            600      600       EC      600       1
                bssBANK5                            500      500       F2      500       1
                dataBANK4                           4C3      4C3       34      440       1
                bssBANK4                            440      440       83      440       1
                bssBANK3                            300      300       FA      300       1
                bssBANK2                            200      200       F8      200       1
                dataBANK1                           1F8      1F8        6      100       1
                bssBANK1                            100      100       F8      100       1
                bssBANK0                             F8       F8        8       60       1
                bssCOMRAM                            41       41       10        1       1
                cinit                              CD22     CD22       AE     11C2       0
                _FlashSignatureWord_const          2006     2006        2     1003       0
                idataBANK4                         EC12     EC12       34     11C2       0
                idataBANK1                         F1A2     F1A2        6     11C2       0

TOTAL           Name                               Link     Load   Length     Space
        CLASS   STACK          

        CLASS   CODE           
                intcodelo                          2018     2018       68         0
                intcode                            2008     2008        6         0
                init                               2080     2080        4         0
                reset_vec                          2000     2000        4         0
                intcode_body                       E2D8     E2D8       5C         0
                text198                            EF7A     EF7A       22         0
                text197                            F11C     F11C       18         0
                text196                            E77A     E77A       4E         0
                text194                            ECDE     ECDE       32         0
                text193                            E218     E218       62         0
                text192                            DCEA     DCEA       6C         0
                text191                            F17A     F17A        C         0
                text190                            EDF8     EDF8       2E         0
                text189                            EA8A     EA8A       3A         0
                text188                            F1AE     F1AE        6         0
                text187                            ECAC     ECAC       32         0
                text186                            E598     E598       54         0
                text185                            EBA4     EBA4       38         0
                text184                            F19A     F19A        8         0
                text183                            F190     F190        A         0
                text182                            E08E     E08E       64         0
                text181                            D8CE     D8CE       7A         0
                text180                            DB24     DB24       74         0
                text179                            EEA0     EEA0       26         0
                text178                            EBDC     EBDC       36         0
                text177                            DDC0     DDC0       6A         0
                text176                            CFD2     CFD2       A6         0
                text175                            C76C     C76C       BE         0
                text174                            8A24     8A24      236         0
                text173                            48B6     48B6      68A         0
                text172                            989C     989C      198         0
                text171                            F1A8     F1A8        6         0
                text170                            DF60     DF60       66         0
                text169                            EE7A     EE7A       26         0
                text168                            E496     E496       58         0
                text167                            D4A0     D4A0       90         0
                text166                            AD18     AD18      12C         0
                text165                            E85E     E85E       4A         0
                text164                            C5E6     C5E6       C4         0
                text163                            F078     F078       1E         0
                text162                            F0EA     F0EA       1A         0
                text161                            F05A     F05A       1E         0
                text160                            8C5A     8C5A      1E0         0
                text159                            BF76     BF76       DA         0
                text158                            F104     F104       18         0
                text157                            F0CE     F0CE       1C         0
                text156                            E43E     E43E       58         0
                text155                            CA54     CA54       B8         0
                text154                            F186     F186        A         0
                text153                            96F6     96F6      1A6         0
                text152                            F0B2     F0B2       1C         0
                text151                            D078     D078       A4         0
                text150                            D854     D854       7A         0
                text149                            D752     D752       82         0
                text148                            C99C     C99C       B8         0
                text147                            6796     6796      39C         0
                text146                            5F4E     5F4E      42C         0
                text145                            5A8C     5A8C      4C2         0
                text144                            E938     E938       48         0
                text143                            EB6C     EB6C       38         0
                text142                            E8F0     E8F0       48         0
                text141                            7B02     7B02      2D2         0
                text140                            B5C4     B5C4      106         0
                text139                            91EC     91EC      1B4         0
                text138                            C6AA     C6AA       C2         0
                text137                            D644     D644       88         0
                text136                            C45C     C45C       C6         0
                text135                            93A0     93A0      1AC         0
                text134                            F03C     F03C       1E         0
                text133                            B082     B082      114         0
                text132                            B196     B196      110         0
                text131                            BAD2     BAD2       F6         0
                text130                            A81A     A81A      144         0
                text129                            D9C0     D9C0       78         0
                text128                            CE7C     CE7C       AC         0
                text127                            E7C8     E7C8       4C         0
                text126                            AA9E     AA9E      13E         0
                text125                            E02A     E02A       64         0
                text124                            D948     D948       78         0
                text123                            BBC8     BBC8       EE         0
                text122                            F01C     F01C       20         0
                text121                            D11C     D11C       A0         0
                text120                            6B32     6B32      35A         0
                text119                            ABDC     ABDC      13C         0
                text118                            B4BE     B4BE      106         0
                text117                            EB34     EB34       38         0
                text116                            BE8C     BE8C       EA         0
                text115                            B9D2     B9D2      100         0
                text114                            CBC0     CBC0       B2         0
                text113                            A2F2     A2F2      152         0
                text112                            D2EA     D2EA       94         0
                text111                            E68E     E68E       50         0
                text110                            C82A     C82A       BA         0
                text109                            A19E     A19E      154         0
                text108                            EC46     EC46       34         0
                text107                            E1B6     E1B6       62         0
                text106                            ED10     ED10       30         0
                text105                            EA0C     EA0C       44         0
                text104                            807A     807A      278         0
                text103                            EF56     EF56       24         0
                text102                            9A34     9A34      190         0
                text101                            E72C     E72C       4E         0
                text100                            C8E4     C8E4       B8         0
                text99                             D254     D254       96         0
                text98                             D7D4     D7D4       80         0
                text97                             CF28     CF28       AA         0
                text96                             B7CE     B7CE      104         0
                text95                             D5BC     D5BC       88         0
                text94                             A444     A444      14C         0
                text93                             A048     A048      156         0
                text92                             7DD4     7DD4      2A6         0
                text91                             EC7A     EC7A       32         0
                text90                             C522     C522       C4         0
                text89                             CC72     CC72       B0         0
                text88                             637A     637A      41C         0
                text87                             3F7E     3F7E      938         0
                text86                             E63E     E63E       50         0
                text85                             B3B2     B3B2      10C         0
                text84                             BCB6     BCB6       EC         0
                text83                             9ED8     9ED8      170         0
                text82                             D410     D410       90         0
                text81                             DC7A     DC7A       70         0
                text80                             E6DE     E6DE       4E         0
                text79                             EE52     EE52       28         0
                text78                             EDCA     EDCA       2E         0
                text77                             2384     2384      F4C         0
                text76                             AF6A     AF6A      118         0
                text75                             CB0C     CB0C       B4         0
                text74                             E154     E154       62         0
                text73                             D530     D530       8C         0
                text72                             5574     5574      518         0
                text71                             D37E     D37E       92         0
                text70                             EFFC     EFFC       20         0
                text69                             F14A     F14A       16         0
                text68                             F160     F160        E         0
                text67                             F16E     F16E        C         0
                text66                             855E     855E      264         0
                text65                             A6D6     A6D6      144         0
                text64                             E814     E814       4A         0
                text63                             EE26     EE26       2C         0
                text62                             AE44     AE44      126         0
                text61                             32D0     32D0      CAE         0
                text60                             8E3A     8E3A      1DA         0
                text59                             EF32     EF32       24         0
                text58                             E3E6     E3E6       58         0
                text57                             DAAE     DAAE       76         0
                text56                             E38E     E38E       58         0
                text55                             9014     9014      1D8         0
                text54                             C1FA     C1FA       CE         0
                text53                             DA38     DA38       76         0
                text52                             E4EE     E4EE       56         0
                text51                             EF0E     EF0E       24         0
                text50                             EEEA     EEEA       24         0
                text49                             EA50     EA50       3A         0
                text48                             CDD0     CDD0       AC         0
                text47                             DC0A     DC0A       70         0
                text46                             E5EC     E5EC       52         0
                text45                             D1BC     D1BC       98         0
                text44                             D6CC     D6CC       86         0
                text43                             ED9C     ED9C       2E         0
                text42                             B2A6     B2A6      10C         0
                text41                             EAFC     EAFC       38         0
                text40                             DB98     DB98       72         0
                text39                             ED6E     ED6E       2E         0
                text38                             E334     E334       5A         0
                text37                             E544     E544       54         0
                text36                             DEFA     DEFA       66         0
                text35                             E9C6     E9C6       46         0
                text34                             C126     C126       D4         0
                text33                             EFDC     EFDC       20         0
                text32                             EFBC     EFBC       20         0
                text31                             EF9C     EF9C       20         0
                text30                             DFC6     DFC6       64         0
                text29                             EEC6     EEC6       24         0
                text28                             82F2     82F2      26C         0
                text27                             74FA     74FA      318         0
                text26                             B6CA     B6CA      104         0
                text25                             C392     C392       CA         0
                text24                             A590     A590      146         0
                text23                             A95E     A95E      140         0
                text22                             7812     7812      2F0         0
                text21                             954C     954C      1AA         0
                text20                             87C2     87C2      262         0
                text19                             4F40     4F40      634         0
                text18                             6E8C     6E8C      344         0
                text17                             E27A     E27A       5E         0
                text16                             DE92     DE92       68         0
                text15                             E8A8     E8A8       48         0
                text14                             F096     F096       1C         0
                text13                             DD56     DD56       6A         0
                text12                             EAC4     EAC4       38         0
                text11                             DE2A     DE2A       68         0
                text10                             ED40     ED40       2E         0
                text9                              B8D2     B8D2      100         0
                text8                              9BC4     9BC4      18E         0
                text7                              E0F2     E0F2       62         0
                text6                              F134     F134       16         0
                text5                              C2C8     C2C8       CA         0
                text4                              71D0     71D0      32A         0
                text3                              9D52     9D52      186         0
                text2                              C050     C050       D6         0
                text1                              BDA2     BDA2       EA         0
                text0                              E980     E980       46         0
                cinit                              CD22     CD22       AE         0
                _FlashSignatureWord_const          2006     2006        2         0
                idataBANK4                         EC12     EC12       34         0
                idataBANK1                         F1A2     F1A2        6         0

        CLASS   CONST          

        CLASS   SMALLCONST     

        CLASS   MEDIUMCONST    
                mediumconst                        2084     2084      300         0

        CLASS   COMRAM         
                temp                                 51       51        1         1
                cstackCOMRAM                          1        1       40         1
                bssCOMRAM                            41       41       10         1

        CLASS   ABS1           
                abs_s1                              400      400       40         1

        CLASS   BIGRAM         

        CLASS   RAM            

        CLASS   BANK0          
                cstackBANK0                          60       60       98         1
                bssBANK0                             F8       F8        8         1

        CLASS   BANK1          
                dataBANK1                           1F8      1F8        6         1
                bssBANK1                            100      100       F8         1

        CLASS   BANK2          
                bssBANK2                            200      200       F8         1

        CLASS   BANK3          
                bssBANK3                            300      300       FA         1

        CLASS   BANK4          
                dataBANK4                           4C3      4C3       34         1
                bssBANK4                            440      440       83         1

        CLASS   BANK5          
                cstackBANK5                         5F2      5F2        C         1
                bssBANK5                            500      500       F2         1

        CLASS   BANK6          
                bssBANK6                            600      600       EC         1

        CLASS   BANK7          

        CLASS   BANK8          

        CLASS   BANK9          

        CLASS   BANK10         

        CLASS   BANK11         

        CLASS   BANK12         

        CLASS   BANK13         

        CLASS   BANK14         

        CLASS   SFR            

        CLASS   CONFIG         
                config                             FFF8     FFF8        8         4

        CLASS   FARRAM         

        CLASS   IDLOC          



SEGMENTS        Name                           Load    Length   Top    Selector   Space  Class

                cstackCOMRAM                   000001  000051  000052         1       1  COMRAM  
                cstackBANK0                    000060  0000A0  000100        60       1  BANK0   
                bssBANK1                       000100  0000FE  0001FE       100       1  BANK1   
                bssBANK2                       000200  0000F8  0002F8       200       1  BANK2   
                bssBANK3                       000300  0000FA  0003FA       300       1  BANK3   
                bssBANK4                       000440  0000B7  0004F7       440       1  BANK4   
                bssBANK5                       000500  0000FE  0005FE       500       1  BANK5   
                bssBANK6                       000600  0000EC  0006EC       600       1  BANK6   
                reset_vec                      002000  000004  002004      1000       0  CODE    
                _FlashSignatureWord_const      002006  000002  002008      1003       0  CODE    
                intcode                        002008  000006  00200E      1004       0  CODE    
                intcodelo                      002018  00006C  002084      100C       0  CODE    
                mediumconst                    002084  000300  002384      1042       0  MEDIUMCO
                text77                         002384  00CE30  00F1B4      11C2       0  CODE    


UNUSED ADDRESS RANGES

        Name                Unused          Largest block    Delta
        BANK1            001FE-001FF               2
        BANK10           00A00-00AFF             100
        BANK11           00B00-00BFF             100
        BANK12           00C00-00CFF             100
        BANK13           00D00-00DFF             100
        BANK14           00E00-00EBF              C0
        BANK2            002F8-002FF               8
        BANK3            003FA-003FF               6
        BANK4            004F7-004FF               9
        BANK5            005FE-005FF               2
        BANK6            006EC-006FF              14
        BANK7            00700-007FF             100
        BANK8            00800-008FF             100
        BANK9            00900-009FF             100
        BIGRAM           00052-0005F               E
                         001FE-001FF               2
                         002F8-002FF               8
                         003FA-003FF               6
                         004F7-004FF               9
                         005FE-005FF               2
                         006EC-00EBF             7D4
        CODE             02004-02005               2
                         0200E-02017               A
                         0F1B4-0FFF7             E44
        COMRAM           00052-0005F               E
        CONST            02004-02005               2
                         0200E-02017               A
                         0F1B4-0FFF7             E44
        FARRAM           00000-00000               1
        MEDIUMCONST      02004-02005               2
                         0200E-02017               A
                         0F1B4-0FFF7             E44
        RAM              001FE-001FF               2
                         002F8-002FF               8
                         003FA-003FF               6
                         004F7-004FF               9
                         005FE-005FF               2
                         006EC-00EBF             100
        SFR              00EC0-00FFF              60
        SMALLCONST       02004-02005               2
                         0200E-02017               A
                         0F1B4-0FFF7             100
        STACK            006EC-00EBF             7D4

                                  Symbol Table

?_ADCto_uVoltage                                cstackBANK0               00081
?_Calculate_CRC16                               cstackCOMRAM              0000F
?_FSR_set_LSB                                   cstackCOMRAM              0000F
?_GasSensor_Zerofilter                          cstackCOMRAM              0001B
?_Kalman_updateEstimate                         cstackBANK0               000BF
?_USBTransferOnePacket                          cstackCOMRAM              0000F
?___aldiv                                       cstackCOMRAM              0000F
?___almod                                       cstackCOMRAM              0000F
?___awdiv                                       cstackCOMRAM              00015
?___awmod                                       cstackCOMRAM              0000F
?___fladd                                       cstackBANK0               0008E
?___fldiv                                       cstackBANK0               000A6
?___flmul                                       cstackBANK0               00068
?___flneg                                       cstackCOMRAM              0000F
?___flsub                                       cstackBANK0               0009E
?___fltol                                       cstackCOMRAM              0001D
?___lldiv                                       cstackCOMRAM              0000F
?___llmod                                       cstackCOMRAM              0000F
?___lmul                                        cstackCOMRAM              0000F
?___lwdiv                                       cstackCOMRAM              00015
?___lwmod                                       cstackCOMRAM              0000F
?___wmul                                        cstackCOMRAM              0000F
?___xxtofl                                      cstackCOMRAM              00027
?__atof                                         cstackBANK0               000BF
?__atoi                                         cstackCOMRAM              0001B
?__div_to_l_                                    cstackCOMRAM              0000F
?__ftoa                                         cstackBANK0               000CD
?__itoa                                         cstackCOMRAM              00027
?__strcpy                                       cstackCOMRAM              0000F
?__strlen                                       cstackCOMRAM              0000F
?__tdiv_to_l_                                   cstackCOMRAM              0000F
?_build_time                                    cstackBANK0               00064
?_eval_poly                                     cstackBANK0               0009E
?_exp                                           cstackBANK0               000BF
?_fabs                                          cstackCOMRAM              00013
?_floor                                         cstackBANK0               0009E
?_frexp                                         cstackBANK0               00060
?_fround                                        cstackBANK0               00081
?_gasSensor_calib                               cstackBANK0               000BF
?_gasSensor_temperature_cmp_coefficient         cstackBANK0               000DF
?_get_product_desc                              cstackCOMRAM              0000F
?_isleap                                        cstackCOMRAM              00014
?_ldexp                                         cstackBANK0               000AE
?_log                                           cstackBANK0               000AE
?_mktime                                        cstackCOMRAM              00036
?_months_to_days                                cstackCOMRAM              0001C
?_param_copy                                    cstackCOMRAM              00010
?_pow                                           cstackBANK0               000CA
?_scale                                         cstackBANK0               00081
?_sprintf                                       cstackBANK0               000A6
?_years_to_days                                 cstackCOMRAM              0001C
?_ymd_to_scalar                                 cstackCOMRAM              00026
ADCto_uVoltage@gain                             cstackBANK0               00083
ADCto_uVoltage@lsb                              cstackBANK0               00089
ADCto_uVoltage@raw_adc                          cstackBANK0               00081
ADCto_uVoltage@uVolt                            cstackBANK0               00085
Board_initialize@chNum                          cstackCOMRAM              00040
CDCTxService@byte_to_send                       cstackCOMRAM              0001B
CDCTxService@i                                  cstackCOMRAM              0001A
CMD_manual_cal@len                              cstackCOMRAM              00020
CMD_set_ABC_on@len                              cstackCOMRAM              00021
CMD_set_ABC_on@value                            cstackCOMRAM              00020
CMP_temp_read@chNum                             cstackBANK0               000C3
CMP_temp_read@raw                               cstackBANK0               000C8
CMP_temp_read@volt                              cstackBANK0               000C4
CRC_check@crc                                   cstackCOMRAM              00022
CRC_check@crcLen                                cstackCOMRAM              0002E
CRC_check@i                                     cstackCOMRAM              0002F
Calculate_CRC16@code                            cstackCOMRAM              00018
Calculate_CRC16@crc                             cstackCOMRAM              0000F
Calculate_CRC16@crc_length                      cstackCOMRAM              00011
Calculate_CRC16@i                               cstackCOMRAM              0001C
Calculate_CRC16@polynomial                      cstackCOMRAM              00016
Calculate_CRC16@ret                             cstackCOMRAM              0001E
Calculate_CRC16@shift                           cstackCOMRAM              0001A
Co2_measure_task@rev_data                       cstackBANK0               000D0
DelayRoutine@DelayAmount                        cstackCOMRAM              0000F
FSR_set_LSB@gain                                cstackCOMRAM              00013
GasSensor_Zerofilter@chNum                      cstackCOMRAM              0001F
GasSensor_Zerofilter@gasConcent                 cstackCOMRAM              0001B
GasSensor_Zerofilter@retval                     cstackCOMRAM              00020
I2C_Read@I2CReadData                            cstackCOMRAM              00010
I2C_Read@ack                                    cstackCOMRAM              0000F
I2C_Write@I2cWriteData                          cstackCOMRAM              0000F
Kalman_setEstimateError@est_e                   cstackCOMRAM              00011
Kalman_setEstimateError@pObj                    cstackCOMRAM              0000F
Kalman_setMeasurementError@mea_e                cstackCOMRAM              00011
Kalman_setMeasurementError@pObj                 cstackCOMRAM              0000F
Kalman_setProcessNoise@pObj                     cstackCOMRAM              0000F
Kalman_setProcessNoise@q                        cstackCOMRAM              00011
Kalman_updateEstimate@mea                       cstackBANK0               000C1
Kalman_updateEstimate@pObj                      cstackBANK0               000BF
LED_Enable@led                                  cstackCOMRAM              0000F
LED_On@led                                      cstackCOMRAM              0000F
SYSTEM_Initialize@pll_startup_counter           cstackCOMRAM              0000F
SYSTEM_Initialize@pll_startup_counter_3440      cstackCOMRAM              00011
SYSTEM_Initialize@state                         cstackCOMRAM              00013
Set_KalmanFilter_Sensitivity@e_level            cstackCOMRAM              00017
Set_KalmanFilter_Sensitivity@pObj               cstackCOMRAM              00015
Set_KalmanFilter_Sensitivity@sensitivity        cstackCOMRAM              00018
USBConfigureEndpoint@EPNum                      cstackCOMRAM              00014
USBConfigureEndpoint@direction                  cstackCOMRAM              0000F
USBConfigureEndpoint@handle                     cstackCOMRAM              00015
USBCtrlTrfInHandler@lastDTS                     cstackCOMRAM              00010
USBCtrlTrfRxService@byteToRead                  cstackCOMRAM              00010
USBCtrlTrfRxService@i                           cstackCOMRAM              0000F
USBCtrlTrfTxService@byteToSend                  cstackCOMRAM              0000F
USBDeviceInit@i                                 cstackCOMRAM              00017
USBDeviceTasks@i                                cstackCOMRAM              0002B
USBEnableEndpoint@ep                            cstackCOMRAM              0001A
USBEnableEndpoint@options                       cstackCOMRAM              00017
USBEnableEndpoint@p                             cstackCOMRAM              00018
USBStdFeatureReqHandler@current_ep_data         cstackCOMRAM              00027
USBStdFeatureReqHandler@p                       cstackCOMRAM              00028
USBStdFeatureReqHandler@pUEP                    cstackCOMRAM              00025
USBStdGetStatusHandler@p                        cstackCOMRAM              00010
USBStdSetCfgHandler@i                           cstackCOMRAM              00023
USBTransferOnePacket@data                       cstackCOMRAM              00010
USBTransferOnePacket@dir                        cstackCOMRAM              0000F
USBTransferOnePacket@ep                         cstackCOMRAM              00017
USBTransferOnePacket@handle                     cstackCOMRAM              00018
USBTransferOnePacket@len                        cstackCOMRAM              00012
USER_USB_CALLBACK_EVENT_HANDLER@event           cstackCOMRAM              0001B
USER_USB_CALLBACK_EVENT_HANDLER@pdata           cstackCOMRAM              0001D
USER_USB_CALLBACK_EVENT_HANDLER@size            cstackCOMRAM              0001F
WDT_initialize@enabled                          cstackCOMRAM              00010
_ADCto_uVoltage                                 text53                    0DA38
_ADS1115_I2C_ADDRESS                            dataBANK1                 001FB
_ANCON0                                         (abs)                     00F48
_ANCON1                                         (abs)                     00F49
_BAUDCON1                                       (abs)                     00F7E
_BDT                                            (abs)                     00400
_BaudRateGen                                    bssBANK2                  0024C
_Board_initialize                               text149                   0D752
_BothEP0OutUOWNsSet                             bssBANK1                  00170
_CDCDataInHandle                                bssBANK1                  0015C
_CDCDataOutHandle                               bssBANK1                  0015E
_CDCInitEP                                      text125                   0E02A
_CDCTxService                                   text102                   09A34
_CMD_manual_cal                                 text71                    0D37E
_CMD_set_ABC_on                                 text155                   0CA54
_CMP_temp_read                                  text42                    0B2A6
_CMP_temp_read$7084                             cstackBANK0               000BF
_CRC_check                                      text148                   0C99C
_Calculate_CRC16                                text159                   0BF76
_Co2_measure_task                               text135                   093A0
_CtrlTrfData                                    (abs)                     00438
_DSCONHbits                                     (abs)                     00F4D
_DelayRoutine                                   text70                    0EFFC
_EECON1bits                                     (abs)                     00FA6
_EECON2                                         (abs)                     00FA7
_FSR_set_LSB                                    text54                    0C1FA
_FlashSignatureWord                             _FlashSignatureWord_const 02006
_FlashSignatureWord_absconstaddr                (abs)                     02006
_GasSensor_Zerofilter                           text28                    082F2
_I2C_Read                                       text52                    0E4EE
_I2C_Start                                      text51                    0EF0E
_I2C_Stop                                       text50                    0EEEA
_I2C_Write                                      text49                    0EA50
_INTCON2bits                                    (abs)                     00FF1
_INTCONbits                                     (abs)                     00FF2
_IPR1bits                                       (abs)                     00F9F
_InitTimer                                      text134                   0F03C
_Kalman_setEstimateError                        text163                   0F078
_Kalman_setMeasurementError                     text162                   0F0EA
_Kalman_setProcessNoise                         text161                   0F05A
_Kalman_updateEstimate                          text141                   07B02
_Kalman_updateEstimate$7079                     cstackBANK0               000C9
_Kalman_updateEstimate$7080                     cstackBANK0               000C5
_LATBbits                                       (abs)                     00F8A
_LATCbits                                       (abs)                     00F8B
_LED_Enable                                     text194                   0ECDE
_LED_Off                                        text188                   0F1AE
_LED_On                                         text187                   0ECAC
_Last_value                                     bssBANK2                  00226
_OSCCON                                         (abs)                     00FD3
_OSCCONbits                                     (abs)                     00FD3
_OSCTUNEbits                                    (abs)                     00F9B
_PIE1bits                                       (abs)                     00F9D
_PIE2bits                                       (abs)                     00FA0
_PIR1bits                                       (abs)                     00F9E
_PIR2bits                                       (abs)                     00FA1
_RCONbits                                       (abs)                     00FD0
_RCREG1                                         (abs)                     00FAF
_RCSTA1                                         (abs)                     00FAC
_RCSTA1bits                                     (abs)                     00FAC
_RemoteWakeup                                   bssBANK1                  00173
_ResetBootloaderCleanly                         text68                    0F160
_ResetDeviceCleanly                             text67                    0F16E
_SPBRG1                                         (abs)                     00FB0
_SSP1ADD                                        (abs)                     00FC8
_SSP1BUF                                        (abs)                     00FC9
_SSP1CON1                                       (abs)                     00FC6
_SSP1CON2                                       (abs)                     00FC5
_SSP1CON2bits                                   (abs)                     00FC5
_SSP1STAT                                       (abs)                     00FC7
_SSP1STATbits                                   (abs)                     00FC7
_SYSTEM_Initialize                              text124                   0D948
_SYS_InterruptHigh                              intcode                   02008
_Sensors_initialize                             text29                    0EEC6
_Set_KalmanFilter_Sensitivity                   text160                   08C5A
_SetupPkt                                       (abs)                     00430
_T0CONbits                                      (abs)                     00FD5
_TABLAT                                         (abs)                     00FF5
_TBLPTRH                                        (abs)                     00FF7
_TBLPTRL                                        (abs)                     00FF6
_TBLPTRU                                        (abs)                     00FF8
_TMR0L                                          (abs)                     00FD6
_TRISBbits                                      (abs)                     00F93
_TRISCbits                                      (abs)                     00F94
_TXREG                                          (abs)                     00FAE
_TXSTA1                                         (abs)                     00FAD
_TXSTA1bits                                     (abs)                     00FAD
_UADDR                                          (abs)                     00F38
_UCFG                                           (abs)                     00F39
_UCON                                           (abs)                     00F65
_UCONbits                                       (abs)                     00F65
_UEIE                                           (abs)                     00F37
_UEIR                                           (abs)                     00F63
_UEP0                                           (abs)                     00F26
_UEP0bits                                       (abs)                     00F26
_UEP1                                           (abs)                     00F27
_UIE                                            (abs)                     00F36
_UIEbits                                        (abs)                     00F36
_UIR                                            (abs)                     00F62
_UIRbits                                        (abs)                     00F62
_USB1msTickCount                                bssBANK1                  0012E
_USBActiveConfiguration                         bssBANK1                  001F7
_USBAlternateInterface                          bssBANK1                  001F5
_USBBusIsSuspended                              bssBANK1                  00172
_USBCheckCDCRequest                             text123                   0BBC8
_USBCheckStdRequest                             text115                   0B9D2
_USBConfigureEndpoint                           text128                   0CE7C
_USBCtrlEPAllowDataStage                        text114                   0CBC0
_USBCtrlEPAllowStatusStage                      text131                   0BAD2
_USBCtrlEPService                               text110                   0C82A
_USBCtrlEPServiceComplete                       text113                   0A2F2
_USBCtrlTrfInHandler                            text132                   0B196
_USBCtrlTrfOutHandler                           text129                   0D9C0
_USBCtrlTrfRxService                            text130                   0A81A
_USBCtrlTrfSetupHandler                         text112                   0D2EA
_USBCtrlTrfTxService                            text133                   0B082
_USBDeferINDataStagePackets                     bssBANK1                  0016C
_USBDeferOUTDataStagePackets                    bssBANK1                  0016B
_USBDeferStatusStagePacket                      bssCOMRAM                 0004D
_USBDeviceInit                                  text109                   0A19E
_USBDeviceState                                 bssCOMRAM                 0004F
_USBDeviceTasks                                 text104                   0807A
_USBDisableWithLongDelay                        text69                    0F14A
_USBEnableEndpoint                              text127                   0E7C8
_USBIncrement1msInternalTimers                  text108                   0EC46
_USBStallHandler                                text107                   0E1B6
_USBStatusStageEnabledFlag1                     bssBANK1                  0016E
_USBStatusStageEnabledFlag2                     bssBANK1                  0016D
_USBStatusStageTimeoutCounter                   bssBANK1                  0016F
_USBStdFeatureReqHandler                        text120                   06B32
_USBStdGetDscHandler                            text119                   0ABDC
_USBStdGetStatusHandler                         text118                   0B4BE
_USBStdSetCfgHandler                            text116                   0BE8C
_USBSuspend                                     text106                   0ED10
_USBTicksSinceSuspendEnd                        bssBANK1                  0016A
_USBTransferOnePacket                           text126                   0AA9E
_USBWakeFromSuspend                             text105                   0EA0C
_USB_CD_Ptr                                     mediumconst               020F3
_USB_SD_Ptr                                     mediumconst               020ED
_USER_USB_CALLBACK_EVENT_HANDLER                text121                   0D11C
_USTAT                                          (abs)                     00F64
_USTATcopy                                      bssCOMRAM                 00050
_WDTCONbits                                     (abs)                     00FC0
_WDT_initialize                                 text103                   0EF56
__HRAM                                          (abs)                     00000
__H_FlashSignatureWord_const                    _FlashSignatureWord_const 02008
__Habs1                                         abs1                      00000
__Hbank0                                        bank0                     00000
__Hbank1                                        bank1                     00000
__Hbank10                                       bank10                    00000
__Hbank11                                       bank11                    00000
__Hbank12                                       bank12                    00000
__Hbank13                                       bank13                    00000
__Hbank14                                       bank14                    00000
__Hbank2                                        bank2                     00000
__Hbank3                                        bank3                     00000
__Hbank4                                        bank4                     00000
__Hbank5                                        bank5                     00000
__Hbank6                                        bank6                     00000
__Hbank7                                        bank7                     00000
__Hbank8                                        bank8                     00000
__Hbank9                                        bank9                     00000
__Hbigbss                                       bigbss                    00000
__Hbigdata                                      bigdata                   00000
__Hbigram                                       bigram                    00000
__Hbss                                          bss                       00000
__HbssBANK0                                     bssBANK0                  00000
__HbssBANK1                                     bssBANK1                  00000
__HbssBANK2                                     bssBANK2                  00000
__HbssBANK3                                     bssBANK3                  00000
__HbssBANK4                                     bssBANK4                  00000
__HbssBANK5                                     bssBANK5                  00000
__HbssBANK6                                     bssBANK6                  00000
__HbssCOMRAM                                    bssCOMRAM                 00000
__Hcinit                                        cinit                     00000
__Hclrtext                                      clrtext                   00000
__Hcomram                                       comram                    00000
__Hconfig                                       config                    10000
__Hconst                                        const                     00000
__HcstackBANK0                                  cstackBANK0               00000
__HcstackBANK5                                  cstackBANK5               00000
__HcstackCOMRAM                                 cstackCOMRAM              00000
__Hdata                                         data                      00000
__HdataBANK1                                    dataBANK1                 00000
__HdataBANK4                                    dataBANK4                 00000
__Hfarbss                                       farbss                    00000
__Hfardata                                      fardata                   00000
__Hibigdata                                     ibigdata                  00000
__Hidata                                        idata                     00000
__HidataBANK1                                   idataBANK1                00000
__HidataBANK4                                   idataBANK4                00000
__Hidloc                                        idloc                     00000
__Hifardata                                     ifardata                  00000
__Hinit                                         init                      02084
__Hintcode                                      intcode                   0200E
__Hintcode_body                                 intcode_body              00000
__Hintcodelo                                    intcodelo                 02080
__Hintentry                                     intentry                  00000
__Hintret                                       intret                    00000
__Hintsave_regs                                 intsave_regs              00000
__Hirdata                                       irdata                    00000
__Hjflash_buffer                                jflash_buffer             0F800
__Hmediumconst                                  mediumconst               02384
__HnvFARRAM                                     nvFARRAM                  00000
__Hnvbit                                        nvbit                     00000
__Hnvrram                                       nvrram                    00000
__Hparam                                        rparam                    00000
__Hpowerup                                      powerup                   02080
__Hram                                          ram                       00000
__Hramtop                                       ramtop                    00F00
__Hrbit                                         rbit                      00000
__Hrbss                                         rbss                      00000
__Hrdata                                        rdata                     00000
__Hreset_vec                                    reset_vec                 02004
__Hrparam                                       rparam                    00000
__Hsfr                                          sfr                       00000
__Hsmallconst                                   smallconst                00000
__Hspace_0                                      (abs)                     0F800
__Hspace_1                                      (abs)                     006EC
__Hspace_2                                      (abs)                     00000
__Hspace_4                                      (abs)                     1FFF8
__Hstack                                        stack                     00000
__Hstruct                                       struct                    00000
__Htemp                                         temp                      00052
__Htext                                         text                      00000
__Htext0                                        text0                     00000
__Htext1                                        text1                     00000
__Htext10                                       text10                    00000
__Htext100                                      text100                   00000
__Htext101                                      text101                   00000
__Htext102                                      text102                   00000
__Htext103                                      text103                   00000
__Htext104                                      text104                   00000
__Htext105                                      text105                   00000
__Htext106                                      text106                   00000
__Htext107                                      text107                   00000
__Htext108                                      text108                   00000
__Htext109                                      text109                   00000
__Htext11                                       text11                    00000
__Htext110                                      text110                   00000
__Htext111                                      text111                   00000
__Htext112                                      text112                   00000
__Htext113                                      text113                   00000
__Htext114                                      text114                   00000
__Htext115                                      text115                   00000
__Htext116                                      text116                   00000
__Htext117                                      text117                   00000
__Htext118                                      text118                   00000
__Htext119                                      text119                   00000
__Htext12                                       text12                    00000
__Htext120                                      text120                   00000
__Htext121                                      text121                   00000
__Htext122                                      text122                   00000
__Htext123                                      text123                   00000
__Htext124                                      text124                   00000
__Htext125                                      text125                   00000
__Htext126                                      text126                   00000
__Htext127                                      text127                   00000
__Htext128                                      text128                   00000
__Htext129                                      text129                   00000
__Htext13                                       text13                    00000
__Htext130                                      text130                   00000
__Htext131                                      text131                   00000
__Htext132                                      text132                   00000
__Htext133                                      text133                   00000
__Htext134                                      text134                   00000
__Htext135                                      text135                   00000
__Htext136                                      text136                   00000
__Htext137                                      text137                   00000
__Htext138                                      text138                   00000
__Htext139                                      text139                   00000
__Htext14                                       text14                    00000
__Htext140                                      text140                   00000
__Htext141                                      text141                   00000
__Htext142                                      text142                   00000
__Htext143                                      text143                   00000
__Htext144                                      text144                   00000
__Htext145                                      text145                   00000
__Htext146                                      text146                   00000
__Htext147                                      text147                   00000
__Htext148                                      text148                   00000
__Htext149                                      text149                   00000
__Htext15                                       text15                    00000
__Htext150                                      text150                   00000
__Htext151                                      text151                   00000
__Htext152                                      text152                   00000
__Htext153                                      text153                   00000
__Htext154                                      text154                   00000
__Htext155                                      text155                   00000
__Htext156                                      text156                   00000
__Htext157                                      text157                   00000
__Htext158                                      text158                   00000
__Htext159                                      text159                   00000
__Htext16                                       text16                    00000
__Htext160                                      text160                   00000
__Htext161                                      text161                   00000
__Htext162                                      text162                   00000
__Htext163                                      text163                   00000
[...]
tes0902_ABC_OFF@status                          cstackCOMRAM              00022
tes0902_data_parsing@cmd                        cstackBANK0               000CF
tes0902_data_receive@crc_len                    cstackCOMRAM              00021
tes0902_data_receive@data_len                   cstackCOMRAM              00020
tes0902_data_receive@rev_crc                    cstackCOMRAM              0001E
tes0902_data_receive@rev_data                   cstackCOMRAM              00016
ttemp5                                          temp                      00052
ttemp6                                          temp                      00055
ttemp7                                          temp                      00059
uart_getBuffer@ch                               cstackCOMRAM              0000E
update_command@apply                            cstackBANK0               000DB
update_command@chno                             cstackBANK0               000DC
update_command@i                                cstackBANK0               000D9
update_command@status                           cstackBANK0               000D3
usart_getc@c                                    cstackCOMRAM              00001
usart_init@b                                    cstackCOMRAM              00024
usart_init@baudrate                             cstackCOMRAM              0001C
usart_putc@c                                    cstackCOMRAM              0000F
usart_writeBytes@i                              cstackCOMRAM              00016
usart_writeBytes@len                            cstackCOMRAM              00012
usart_writeBytes@wrptr                          cstackCOMRAM              00010
window_moving_average_recursion@avg             bssBANK1                  00132
write_command@buff                              cstackCOMRAM              00016
wtemp8                                          temp                      00052
years_to_days@ret                               cstackCOMRAM              00022
years_to_days@yr                                cstackCOMRAM              0001C
ymd_to_scalar@day                               cstackCOMRAM              0002A
ymd_to_scalar@mo                                cstackCOMRAM              00028
ymd_to_scalar@scalar                            cstackCOMRAM              00032
ymd_to_scalar@yr                                cstackCOMRAM              00026


MODULE INFORMATION

Module		Function		Class		Link	Load	Size
bsp/TES0902.c
		_CMD_set_ABC_on		CODE           	CA54	0000	184
		_Calculate_CRC16		CODE           	BF76	0000	218
		_CMD_manual_cal		CODE           	D37E	0000	146
		_tes0902_ABC_OFF		CODE           	F186	0000	10
		_CRC_check     		CODE           	C99C	0000	184

bsp/TES0902.c estimated size: 742

nvm.c
		_nvm_serialno_check		CODE           	E496	0000	88
		_nvm_read_flash_all		CODE           	EE7A	0000	38
		_nvm_clear     		CODE           	F1A8	0000	6
		_nvm_clear_all 		CODE           	EE26	0000	44
		_nvm_write_flash_all		CODE           	E85E	0000	74
		_nvm_init      		CODE           	C5E6	0000	196
		_nvm_clear_flash		CODE           	989C	0000	408

nvm.c estimated size: 854

C:\Program Files\Microchip\xc8\v2.32\pic\sources\c90\common\log.c
		_log           		CODE           	954C	0000	426

C:\Program Files\Microchip\xc8\v2.32\pic\sources\c90\common\log.c estimated size: 426

util/_ftoa.c
		__ftoa         		CODE           	E63E	0000	80

util/_ftoa.c estimated size: 80

sensor.c
		_tempSensor_read		CODE           	C2C8	0000	202
		_sensor_sht3x_init		CODE           	DFC6	0000	100
		_gasSensor_calib		CODE           	74FA	0000	792
		_GasSensor_Zerofilter		CODE           	82F2	0000	620
		_sensor_ADC_read		CODE           	ED9C	0000	46
		_sensor_gas_mode		CODE           	DD56	0000	106
		_sensor_temp_fahrenheit		CODE           	DC7A	0000	112
		_gas_init      		CODE           	F096	0000	28
		_gasSensor_temperature_cmp_coefficient		CODE           	4F40	0000	1588
		_ADCto_uVoltage		CODE           	DA38	0000	118
		_FSR_set_LSB   		CODE           	C1FA	0000	206
		_sensor_read_temp_humi		CODE           	F134	0000	22
		_sensor_adc_initialize		CODE           	E8A8	0000	72
		_sensor_lmp_initialize		CODE           	C126	0000	212
		_Sensors_initialize		CODE           	EEC6	0000	36
		_sensor_temp_mode		CODE           	EAC4	0000	56
		_CMP_temp_read 		CODE           	B2A6	0000	268
		_gasSensor_read		CODE           	6E8C	0000	836

sensor.c estimated size: 5420

bsp/lmp91000.c
		_lmp91000_get_status		CODE           	DB98	0000	114
		_lmp91000_set_GainRLoad		CODE           	E334	0000	90
		_lmp91000_disable		CODE           	EBA4	0000	56
		_lmp91000_set_Mode		CODE           	E544	0000	84
		_lmp91000_set_Reference		CODE           	DEFA	0000	102
		_lmp91000_isReady		CODE           	ED6E	0000	46
		_lmp91000_pin_init		CODE           	F19A	0000	8
		_lmp91000_enable		CODE           	EAFC	0000	56
		_lmp91000_unlock		CODE           	E9C6	0000	70

bsp/lmp91000.c estimated size: 626

C:\Program Files\Microchip\xc8\v2.32\pic\sources\c90\common\evalpoly.c
		_eval_poly     		CODE           	B6CA	0000	260

C:\Program Files\Microchip\xc8\v2.32\pic\sources\c90\common\evalpoly.c estimated size: 260

bsp/leds.c
		_LED_Off       		CODE           	F1AE	0000	6
		_LED_On        		CODE           	ECAC	0000	50
		_LED_Enable    		CODE           	ECDE	0000	50

bsp/leds.c estimated size: 106

util/_atof.c
		__atof         		CODE           	855E	0000	612

util/_atof.c estimated size: 612

util/buffer.c
		_buffer_de_queue		CODE           	D7D4	0000	128
		_buffer_en_queue		CODE           	E72C	0000	78
		_buffer_de_queue_bool		CODE           	D644	0000	136
		_buffer_init   		CODE           	EDF8	0000	46

util/buffer.c estimated size: 388

C:\Program Files\Microchip\xc8\v2.32\pic\sources\c90\common\isdigit.c
		_isdigit       		CODE           	EC7A	0000	50

C:\Program Files\Microchip\xc8\v2.32\pic\sources\c90\common\isdigit.c estimated size: 50

C:\Program Files\Microchip\xc8\v2.32\pic\sources\c90\common\sprcadd.c
		___flsub       		CODE           	E938	0000	72
		___fladd       		CODE           	5A8C	0000	1218

C:\Program Files\Microchip\xc8\v2.32\pic\sources\c90\common\sprcadd.c estimated size: 1290

usb_descriptors.c
		_get_product_desc		CODE           	F190	0000	10

usb_descriptors.c estimated size: 10

C:\Program Files\Microchip\xc8\v2.32\pic\sources\c90\common\flge.c
		___flge        		CODE           	B7CE	0000	260

C:\Program Files\Microchip\xc8\v2.32\pic\sources\c90\common\flge.c estimated size: 260

C:\Program Files\Microchip\xc8\v2.32\pic\sources\c90\common\mktime.c
		_mktime        		CODE           	8A24	0000	566
		_isleap        		CODE           	D8CE	0000	122
		_months_to_days		CODE           	EBDC	0000	54
		_ymd_to_scalar 		CODE           	C76C	0000	190
		_years_to_days 		CODE           	CFD2	0000	166

C:\Program Files\Microchip\xc8\v2.32\pic\sources\c90\common\mktime.c estimated size: 1098

C:\Program Files\Microchip\xc8\v2.32\pic\sources\c90\common\pow.c
		_pow           		CODE           	87C2	0000	610

C:\Program Files\Microchip\xc8\v2.32\pic\sources\c90\common\pow.c estimated size: 610

C:\Program Files\Microchip\xc8\v2.32\pic\sources\c90\common\Umul32.c
		___lmul        		CODE           	DDC0	0000	106

C:\Program Files\Microchip\xc8\v2.32\pic\sources\c90\common\Umul32.c estimated size: 106

bsp/usart.c
		_usart_rx_ready		CODE           	F11C	0000	24
		_usart_getc    		CODE           	EF7A	0000	34
		_usart_writeBytes		CODE           	E43E	0000	88
		_usart_putc    		CODE           	F0CE	0000	28
		_usart_tx_empty		CODE           	F104	0000	24
		_usart_init    		CODE           	D854	0000	122

bsp/usart.c estimated size: 320

C:\Program Files\Microchip\xc8\v2.32\pic\sources\c90\common\fldivl.c
		__div_to_l_    		CODE           	A444	0000	332

C:\Program Files\Microchip\xc8\v2.32\pic\sources\c90\common\fldivl.c estimated size: 332

C:\Program Files\Microchip\xc8\v2.32\pic\sources\c90\common\flneg.c
		___flneg       		CODE           	EB6C	0000	56

C:\Program Files\Microchip\xc8\v2.32\pic\sources\c90\common\flneg.c estimated size: 56

app_tes0902_task.c
		_tes0902_data_receive		CODE           	C45C	0000	198
		_tes0902_data_parsing		CODE           	C6AA	0000	194
		_Co2_measure_task		CODE           	93A0	0000	428

app_tes0902_task.c estimated size: 820

C:\Program Files\Microchip\xc8\v2.32\pic\sources\c90\common\xxtofl.c
		___xxtofl      		CODE           	91EC	0000	436

C:\Program Files\Microchip\xc8\v2.32\pic\sources\c90\common\xxtofl.c estimated size: 436

app_sens_measure.c
		_sensMeasure_init		CODE           	96F6	0000	422
		_sensMeasure_task		CODE           	71D0	0000	810

app_sens_measure.c estimated size: 1232

filter.c
		_Kalman_updateEstimate		CODE           	7B02	0000	722
		_Kalman_setProcessNoise		CODE           	F05A	0000	30
		_Kalman_setEstimateError		CODE           	F078	0000	30
		_Set_KalmanFilter_Sensitivity		CODE           	8C5A	0000	480
		_Kalman_setMeasurementError		CODE           	F0EA	0000	26

filter.c estimated size: 1288

C:\Program Files\Microchip\xc8\v2.32\pic\sources\c90\common\fabs.c
		_fabs          		CODE           	E8F0	0000	72

C:\Program Files\Microchip\xc8\v2.32\pic\sources\c90\common\fabs.c estimated size: 72

bsp/sht3x.c
		_sht3x_measure_nonblock_read		CODE           	E0F2	0000	98
		_sht3x_heaterOff		CODE           	EFBC	0000	32
		_check_crc8    		CODE           	ED40	0000	46
		_sht3x_common_read		CODE           	B8D2	0000	256
		_sht3x_measure_read		CODE           	9BC4	0000	398
		_crc8          		CODE           	DE2A	0000	104
		_sht3x_measure_start		CODE           	EF9C	0000	32
		_sht3x_clear_status_reg		CODE           	EFDC	0000	32

bsp/sht3x.c estimated size: 998

C:\Program Files\Microchip\xc8\v2.32\pic\sources\c90\common\memset.c
		_memset        		CODE           	EB34	0000	56

C:\Program Files\Microchip\xc8\v2.32\pic\sources\c90\common\memset.c estimated size: 56

C:\Program Files\Microchip\xc8\v2.32\pic\sources\c90\common\frexp.c
		_ldexp         		CODE           	A95E	0000	320
		_frexp         		CODE           	C392	0000	202

C:\Program Files\Microchip\xc8\v2.32\pic\sources\c90\common\frexp.c estimated size: 522

util/_atoi.c
		__atoi         		CODE           	A6D6	0000	324

util/_atoi.c estimated size: 324

C:\Program Files\Microchip\xc8\v2.32\pic\sources\c90\common\lwmod.c
		___lwmod       		CODE           	E08E	0000	100

C:\Program Files\Microchip\xc8\v2.32\pic\sources\c90\common\lwmod.c estimated size: 100

C:\Program Files\Microchip\xc8\v2.32\pic\sources\c90\common\awmod.c
		___awmod       		CODE           	CC72	0000	176

C:\Program Files\Microchip\xc8\v2.32\pic\sources\c90\common\awmod.c estimated size: 176

bsp/flash.c
		_flash_readBytes		CODE           	DF60	0000	102
		_flash_writeBytes		CODE           	AD18	0000	300
		_flash_clear   		CODE           	D4A0	0000	144

bsp/flash.c estimated size: 546

util/build_time.c
		_build_time    		CODE           	48B6	0000	1674

util/build_time.c estimated size: 1674

C:\Program Files\Microchip\xc8\v2.32\pic\sources\c90\common\llmod.c
		___llmod       		CODE           	D5BC	0000	136

C:\Program Files\Microchip\xc8\v2.32\pic\sources\c90\common\llmod.c estimated size: 136

usb/usb_device.c
		_USBCtrlTrfInHandler		CODE           	B196	0000	272
		_USBTransferOnePacket		CODE           	AA9E	0000	318
		_USBStdGetDscHandler		CODE           	ABDC	0000	316
		_USBCtrlEPAllowDataStage		CODE           	CBC0	0000	178
		_USBStdFeatureReqHandler		CODE           	6B32	0000	858
		_USBCtrlEPAllowStatusStage		CODE           	BAD2	0000	246
		_USBCtrlTrfSetupHandler		CODE           	D2EA	0000	148
		_USBCtrlTrfOutHandler		CODE           	D9C0	0000	120
		_USBCtrlEPServiceComplete		CODE           	A2F2	0000	338
		_USBSuspend    		CODE           	ED10	0000	48
		_USBStdSetCfgHandler		CODE           	BE8C	0000	234
		_USBStdGetStatusHandler		CODE           	B4BE	0000	262
		_USBWakeFromSuspend		CODE           	EA0C	0000	68
		_USBCtrlTrfRxService		CODE           	A81A	0000	324
		_USBCtrlTrfTxService		CODE           	B082	0000	276
		_USBEnableEndpoint		CODE           	E7C8	0000	76
		_USBConfigureEndpoint		CODE           	CE7C	0000	172
		_USBDeviceInit 		CODE           	A19E	0000	340
		_USBIncrement1msInternalTimers		CODE           	EC46	0000	52
		_USBCtrlEPService		CODE           	C82A	0000	186
		_USBStallHandler		CODE           	E1B6	0000	98
		_USBDeviceTasks		CODE           	807A	0000	632
		_USBCheckStdRequest		CODE           	B9D2	0000	256

usb/usb_device.c estimated size: 5818

C:\Program Files\Microchip\xc8\v2.32\pic\sources\c90\common\almod.c
		___almod       		CODE           	BCB6	0000	236

C:\Program Files\Microchip\xc8\v2.32\pic\sources\c90\common\almod.c estimated size: 236

usb/usb_device_cdc.c
		_CDCTxService  		CODE           	9A34	0000	400
		_CDCInitEP     		CODE           	E02A	0000	100
		_putUSBUSART   		CODE           	EE52	0000	40
		_getsUSBUSART  		CODE           	C8E4	0000	184
		_USBCheckCDCRequest		CODE           	BBC8	0000	238

usb/usb_device_cdc.c estimated size: 962

bsp/i2c.c
		_I2C_Write     		CODE           	EA50	0000	58
		_I2C_Stop      		CODE           	EEEA	0000	36
		_I2C_Read      		CODE           	E4EE	0000	86
		_i2c_writeData 		CODE           	DC0A	0000	112
		_i2c_init      		CODE           	EA8A	0000	58
		_I2C_Start     		CODE           	EF0E	0000	36
		_i2c_writeBytes		CODE           	E5EC	0000	82
		_i2c_readBytes 		CODE           	CDD0	0000	172
		_i2c_writeBytes_to		CODE           	E27A	0000	94

bsp/i2c.c estimated size: 734

shared
		_configDescriptor1		MEDIUMCONST    	2247	0000	67
		_USB_CD_Ptr    		MEDIUMCONST    	20F3	0000	2
		_sd001         		MEDIUMCONST    	228A	0000	52
		exp@coeff      		MEDIUMCONST    	22BE	0000	40
		__powers_      		MEDIUMCONST    	2085	0000	52
		_dpowers       		MEDIUMCONST    	22E6	0000	40
		i1_buffer_en_queue		CODE           	E77A	0000	78
		_FlashSignatureWord		CODE           	2006	0000	2
		__npowers_     		MEDIUMCONST    	20B9	0000	52
		__initialization		CODE           	CD22	0000	160
		_device_dsc    		MEDIUMCONST    	2332	0000	18
		_atcommand_type		MEDIUMCONST    	20F5	0000	338
		_USB_SD_Ptr    		MEDIUMCONST    	20ED	0000	6
		log@coeff      		MEDIUMCONST    	230E	0000	36
		_sd000         		MEDIUMCONST    	2344	0000	4

shared estimated size: 947

C:\Program Files\Microchip\xc8\v2.32\pic\sources\c90\common\fleq.c
		___fleq        		CODE           	CF28	0000	170

C:\Program Files\Microchip\xc8\v2.32\pic\sources\c90\common\fleq.c estimated size: 170

app_led_task.c
		_led_init      		CODE           	E598	0000	84
		_led_fail      		CODE           	E3E6	0000	88
		_led_warmup    		CODE           	DAAE	0000	118
		_led_task      		CODE           	9014	0000	472
		_led_zerocal_end		CODE           	E38E	0000	88

app_led_task.c estimated size: 850

bsp/ads1114.c
		_ads1114_read_ready		CODE           	D6CC	0000	134
		_ads1115_SetUp 		CODE           	DE92	0000	104
		_ads1114_read  		CODE           	D1BC	0000	152

bsp/ads1114.c estimated size: 390

C:\Program Files\Microchip\xc8\v2.32\pic\sources\c90\common\sprcmul.c
		___flmul       		CODE           	5F4E	0000	1068

C:\Program Files\Microchip\xc8\v2.32\pic\sources\c90\common\sprcmul.c estimated size: 1068

C:\Program Files\Microchip\xc8\v2.32\pic\sources\c90\common\floor.c
		_floor         		CODE           	A590	0000	326

C:\Program Files\Microchip\xc8\v2.32\pic\sources\c90\common\floor.c estimated size: 326

util/_string.c
		__strcpy       		CODE           	D410	0000	144
		__strlen       		CODE           	E6DE	0000	78
		__isdigit      		CODE           	E814	0000	74
		__strclr       		CODE           	E218	0000	98

util/_string.c estimated size: 394

C:\Program Files\Microchip\xc8\v2.32\pic\sources\c90\common\exp.c
		_exp           		CODE           	7812	0000	752

C:\Program Files\Microchip\xc8\v2.32\pic\sources\c90\common\exp.c estimated size: 752

app_atcommand.c
		_build_response		CODE           	2384	0000	3916
		_split_param   		CODE           	AE44	0000	294
		_param_copy    		CODE           	D530	0000	140
		_check_param   		CODE           	E154	0000	98
		_parse_command 		CODE           	5574	0000	1304
		_write_command 		CODE           	EDCA	0000	46
		_check_atcommand		CODE           	CB0C	0000	180
		_atcommand_compare		CODE           	AF6A	0000	280
		_atcommand_task		CODE           	8E3A	0000	474
		_clear_command 		CODE           	DCEA	0000	108
		_atcommand_init		CODE           	F17A	0000	12
		_update_command		CODE           	32D0	0000	3246

app_atcommand.c estimated size: 10098

C:\Program Files\Microchip\xc8\v2.32\pic\sources\c90\common\sprcdiv.c
		___fldiv       		CODE           	6796	0000	924

C:\Program Files\Microchip\xc8\v2.32\pic\sources\c90\common\sprcdiv.c estimated size: 924

C:\Program Files\Microchip\xc8\v2.32\pic\sources\c90\common\doprnt.c
		_scale         		CODE           	637A	0000	1052
		_sprintf       		CODE           	3F7E	0000	2360
		_fround        		CODE           	7DD4	0000	678

C:\Program Files\Microchip\xc8\v2.32\pic\sources\c90\common\doprnt.c estimated size: 4090

usb_events.c
		_USER_USB_CALLBACK_EVENT_HANDLER		CODE           	D11C	0000	160

usb_events.c estimated size: 160

C:\Program Files\Microchip\xc8\v2.32\pic\sources\c90\common\memcpy.c
		_memcpy        		CODE           	E68E	0000	80

C:\Program Files\Microchip\xc8\v2.32\pic\sources\c90\common\memcpy.c estimated size: 80

C:\Program Files\Microchip\xc8\v2.32\pic\sources\c90\common\ftdivl.c
		__tdiv_to_l_   		CODE           	A048	0000	342

C:\Program Files\Microchip\xc8\v2.32\pic\sources\c90\common\ftdivl.c estimated size: 342

util/_itoa.c
		__itoa         		CODE           	9ED8	0000	368

util/_itoa.c estimated size: 368

app_usb_cdc.c
		_app_usb_task  		CODE           	D254	0000	150
		_app_usb_init  		CODE           	F01C	0000	32

app_usb_cdc.c estimated size: 182

C:\Program Files\Microchip\xc8\v2.32\pic\sources\c90\common\lwdiv.c
		___lwdiv       		CODE           	DB24	0000	116

C:\Program Files\Microchip\xc8\v2.32\pic\sources\c90\common\lwdiv.c estimated size: 116

C:\Program Files\Microchip\xc8\v2.32\pic\sources\c90\common\awdiv.c
		___awdiv       		CODE           	C522	0000	196

C:\Program Files\Microchip\xc8\v2.32\pic\sources\c90\common\awdiv.c estimated size: 196

C:\Program Files\Microchip\xc8\v2.32\pic\sources\c90\common\Umul16.c
		___wmul        		CODE           	EEA0	0000	38

C:\Program Files\Microchip\xc8\v2.32\pic\sources\c90\common\Umul16.c estimated size: 38

main.c
		_changeUsbState_task		CODE           	EF32	0000	36
		_InitTimer     		CODE           	F03C	0000	30
		_main          		CODE           	E980	0000	70
		_Board_initialize		CODE           	D752	0000	130
		_uart_getBuffer		CODE           	2018	0000	104
		_usedtime_task 		CODE           	BDA2	0000	234

main.c estimated size: 604

C:\Program Files\Microchip\xc8\v2.32\pic\sources\c90\common\fltol.c
		___fltol       		CODE           	B5C4	0000	262

C:\Program Files\Microchip\xc8\v2.32\pic\sources\c90\common\fltol.c estimated size: 262

app_sens_calibration.c
		_sens_ZeroCalib_task		CODE           	C050	0000	214
		_sens_ZeroCalib_init		CODE           	F0B2	0000	28
		_sens_ZeroCalibration		CODE           	9D52	0000	390

app_sens_calibration.c estimated size: 632

system.c
		_SYS_InterruptHigh		CODE           	2008	0000	98
		_USBDisableWithLongDelay		CODE           	F14A	0000	22
		_DelayRoutine  		CODE           	EFFC	0000	32
		_ResetDeviceCleanly		CODE           	F16E	0000	12
		_WDT_initialize		CODE           	EF56	0000	36
		_SYSTEM_Initialize		CODE           	D948	0000	120
		_ResetBootloaderCleanly		CODE           	F160	0000	14

system.c estimated size: 334

C:\Program Files\Microchip\xc8\v2.32\pic\sources\c90\common\aldiv.c
		___aldiv       		CODE           	B3B2	0000	268

C:\Program Files\Microchip\xc8\v2.32\pic\sources\c90\common\aldiv.c estimated size: 268

C:\Program Files\Microchip\xc8\v2.32\pic\sources\c90\common\__lldiv.c
		___lldiv       		CODE           	D078	0000	164

C:\Program Files\Microchip\xc8\v2.32\pic\sources\c90\common\__lldiv.c estimated size: 164

